2026-04-14 16:33:04.362 | INFO     | <cell line: 0>:210 | === Saída do Passo 1 (instalação) ===
2026-04-14 16:33:04.363 | INFO     | <cell line: 0>:211 | ==================================================
(1/3) Dependências do WhisperX
==================================================
Requirement already satisfied: numpy==2.0.2 in /usr/local/lib/python3.12/dist-packages (2.0.2)
Collecting faster-whisper
  Downloading faster_whisper-1.2.1-py3-none-any.whl.metadata (16 kB)
Collecting ctranslate2
  Downloading ctranslate2-4.7.1-cp312-cp312-manylinux_2_27_x86_64.manylinux_2_28_x86_64.whl.metadata (10 kB)
Requirement already satisfied: transformers in /usr/local/lib/python3.12/dist-packages (5.0.0)
Collecting pyannote.audio
  Downloading pyannote_audio-4.0.4-py3-none-any.whl.metadata (13 kB)
Requirement already satisfied: huggingface-hub>=0.21 in /usr/local/lib/python3.12/dist-packages (from faster-whisper) (1.8.0)
Requirement already satisfied: tokenizers<1,>=0.13 in /usr/local/lib/python3.12/dist-packages (from faster-whisper) (0.22.2)
Collecting onnxruntime<2,>=1.14 (from faster-whisper)
  Downloading onnxruntime-1.24.4-cp312-cp312-manylinux_2_27_x86_64.manylinux_2_28_x86_64.whl.metadata (5.2 kB)
Collecting av>=11 (from faster-whisper)
  Downloading av-17.0.0-cp311-abi3-manylinux_2_28_x86_64.whl.metadata (4.6 kB)
Requirement already satisfied: tqdm in /usr/local/lib/python3.12/dist-packages (from faster-whisper) (4.67.3)
Requirement already satisfied: setuptools in /usr/local/lib/python3.12/dist-packages (from ctranslate2) (75.2.0)
Requirement already satisfied: pyyaml<7,>=5.3 in /usr/local/lib/python3.12/dist-packages (from ctranslate2) (6.0.3)
Requirement already satisfied: filelock in /usr/local/lib/python3.12/dist-packages (from transformers) (3.25.2)
Requirement already satisfied: packaging>=20.0 in /usr/local/lib/python3.12/dist-packages (from transformers) (26.0)
Requirement already satisfied: regex!=2019.12.17 in /usr/local/lib/python3.12/dist-packages (from transformers) (2025.11.3)
Requirement already satisfied: typer-slim in /usr/local/lib/python3.12/dist-packages (from transformers) (0.24.0)
Requirement already satisfied: safetensors>=0.4.3 in /usr/local/lib/python3.12/dist-packages (from transformers) (0.7.0)
Collecting asteroid-filterbanks>=0.4.0 (from pyannote.audio)
  Downloading asteroid_filterbanks-0.4.0-py3-none-any.whl.metadata (3.3 kB)
Requirement already satisfied: einops>=0.8.1 in /usr/local/lib/python3.12/dist-packages (from pyannote.audio) (0.8.2)
Collecting lightning>=2.4 (from pyannote.audio)
  Downloading lightning-2.6.1-py3-none-any.whl.metadata (44 kB)
     ━━━━━━━━━━━━━━━━━━━━━━━━━━━━━━━━━━━━━━━━ 44.8/44.8 kB 1.6 MB/s eta 0:00:00
Requirement already satisfied: matplotlib>=3.10.0 in /usr/local/lib/python3.12/dist-packages (from pyannote.audio) (3.10.0)
Requirement already satisfied: opentelemetry-api>=1.34.0 in /usr/local/lib/python3.12/dist-packages (from pyannote.audio) (1.38.0)
Collecting opentelemetry-exporter-otlp>=1.34.0 (from pyannote.audio)
  Downloading opentelemetry_exporter_otlp-1.41.0-py3-none-any.whl.metadata (2.4 kB)
Requirement already satisfied: opentelemetry-sdk>=1.34.0 in /usr/local/lib/python3.12/dist-packages (from pyannote.audio) (1.38.0)
Collecting pyannote-core>=6.0.1 (from pyannote.audio)
  Downloading pyannote_core-6.0.1-py3-none-any.whl.metadata (1.9 kB)
Collecting pyannote-database>=6.1.1 (from pyannote.audio)
  Downloading pyannote_database-6.1.1-py3-none-any.whl.metadata (30 kB)
Collecting pyannote-metrics>=4.0.0 (from pyannote.audio)
  Downloading pyannote_metrics-4.0.0-py3-none-any.whl.metadata (2.2 kB)
Collecting pyannote-pipeline>=4.0.0 (from pyannote.audio)
  Downloading pyannote_pipeline-4.0.0-py3-none-any.whl.metadata (5.4 kB)
Collecting pyannoteai-sdk>=0.3.0 (from pyannote.audio)
  Downloading pyannoteai_sdk-0.4.0-py3-none-any.whl.metadata (2.4 kB)
Collecting pytorch-metric-learning>=2.8.1 (from pyannote.audio)
  Downloading pytorch_metric_learning-2.9.0-py3-none-any.whl.metadata (18 kB)
Requirement already satisfied: rich>=13.9.4 in /usr/local/lib/python3.12/dist-packages (from pyannote.audio) (13.9.4)
Collecting torch-audiomentations>=0.12.0 (from pyannote.audio)
  Downloading torch_audiomentations-0.12.0-py3-none-any.whl.metadata (15 kB)
Requirement already satisfied: torch>=2.8.0 in /usr/local/lib/python3.12/dist-packages (from pyannote.audio) (2.10.0+cu128)
Requirement already satisfied: torchaudio>=2.8.0 in /usr/local/lib/python3.12/dist-packages (from pyannote.audio) (2.10.0+cu128)
Requirement already satisfied: torchcodec>=0.7.0 in /usr/local/lib/python3.12/dist-packages (from pyannote.audio) (0.10.0+cu128)
Collecting torchmetrics>=1.6.1 (from pyannote.audio)
  Downloading torchmetrics-1.9.0-py3-none-any.whl.metadata (23 kB)
Requirement already satisfied: typing-extensions in /usr/local/lib/python3.12/dist-packages (from asteroid-filterbanks>=0.4.0->pyannote.audio) (4.15.0)
Requirement already satisfied: fsspec>=2023.5.0 in /usr/local/lib/python3.12/dist-packages (from huggingface-hub>=0.21->faster-whisper) (2025.3.0)
Requirement already satisfied: hf-xet<2.0.0,>=1.4.2 in /usr/local/lib/python3.12/dist-packages (from huggingface-hub>=0.21->faster-whisper) (1.4.2)
Requirement already satisfied: httpx<1,>=0.23.0 in /usr/local/lib/python3.12/dist-packages (from huggingface-hub>=0.21->faster-whisper) (0.28.1)
Requirement already satisfied: typer in /usr/local/lib/python3.12/dist-packages (from huggingface-hub>=0.21->faster-whisper) (0.24.1)
Collecting lightning-utilities<2.0,>=0.10.0 (from lightning>=2.4->pyannote.audio)
  Downloading lightning_utilities-0.15.3-py3-none-any.whl.metadata (5.5 kB)
Collecting pytorch-lightning (from lightning>=2.4->pyannote.audio)
  Downloading pytorch_lightning-2.6.1-py3-none-any.whl.metadata (21 kB)
Requirement already satisfied: contourpy>=1.0.1 in /usr/local/lib/python3.12/dist-packages (from matplotlib>=3.10.0->pyannote.audio) (1.3.3)
Requirement already satisfied: cycler>=0.10 in /usr/local/lib/python3.12/dist-packages (from matplotlib>=3.10.0->pyannote.audio) (0.12.1)
Requirement already satisfied: fonttools>=4.22.0 in /usr/local/lib/python3.12/dist-packages (from matplotlib>=3.10.0->pyannote.audio) (4.62.1)
Requirement already satisfied: kiwisolver>=1.3.1 in /usr/local/lib/python3.12/dist-packages (from matplotlib>=3.10.0->pyannote.audio) (1.5.0)
Requirement already satisfied: pillow>=8 in /usr/local/lib/python3.12/dist-packages (from matplotlib>=3.10.0->pyannote.audio) (11.3.0)
Requirement already satisfied: pyparsing>=2.3.1 in /usr/local/lib/python3.12/dist-packages (from matplotlib>=3.10.0->pyannote.audio) (3.3.2)
Requirement already satisfied: python-dateutil>=2.7 in /usr/local/lib/python3.12/dist-packages (from matplotlib>=3.10.0->pyannote.audio) (2.9.0.post0)
Requirement already satisfied: flatbuffers in /usr/local/lib/python3.12/dist-packages (from onnxruntime<2,>=1.14->faster-whisper) (25.12.19)
Requirement already satisfied: protobuf in /usr/local/lib/python3.12/dist-packages (from onnxruntime<2,>=1.14->faster-whisper) (5.29.6)
Requirement already satisfied: sympy in /usr/local/lib/python3.12/dist-packages (from onnxruntime<2,>=1.14->faster-whisper) (1.14.0)
Requirement already satisfied: importlib-metadata<8.8.0,>=6.0 in /usr/local/lib/python3.12/dist-packages (from opentelemetry-api>=1.34.0->pyannote.audio) (8.7.1)
Collecting opentelemetry-exporter-otlp-proto-grpc==1.41.0 (from opentelemetry-exporter-otlp>=1.34.0->pyannote.audio)
  Downloading opentelemetry_exporter_otlp_proto_grpc-1.41.0-py3-none-any.whl.metadata (2.6 kB)
Collecting opentelemetry-exporter-otlp-proto-http==1.41.0 (from opentelemetry-exporter-otlp>=1.34.0->pyannote.audio)
  Downloading opentelemetry_exporter_otlp_proto_http-1.41.0-py3-none-any.whl.metadata (2.5 kB)
Requirement already satisfied: googleapis-common-protos~=1.57 in /usr/local/lib/python3.12/dist-packages (from opentelemetry-exporter-otlp-proto-grpc==1.41.0->opentelemetry-exporter-otlp>=1.34.0->pyannote.audio) (1.73.1)
Requirement already satisfied: grpcio<2.0.0,>=1.63.2 in /usr/local/lib/python3.12/dist-packages (from opentelemetry-exporter-otlp-proto-grpc==1.41.0->opentelemetry-exporter-otlp>=1.34.0->pyannote.audio) (1.80.0)
Collecting opentelemetry-exporter-otlp-proto-common==1.41.0 (from opentelemetry-exporter-otlp-proto-grpc==1.41.0->opentelemetry-exporter-otlp>=1.34.0->pyannote.audio)
  Downloading opentelemetry_exporter_otlp_proto_common-1.41.0-py3-none-any.whl.metadata (1.9 kB)
Collecting opentelemetry-proto==1.41.0 (from opentelemetry-exporter-otlp-proto-grpc==1.41.0->opentelemetry-exporter-otlp>=1.34.0->pyannote.audio)
  Downloading opentelemetry_proto-1.41.0-py3-none-any.whl.metadata (2.4 kB)
Collecting opentelemetry-sdk>=1.34.0 (from pyannote.audio)
  Downloading opentelemetry_sdk-1.41.0-py3-none-any.whl.metadata (1.7 kB)
Requirement already satisfied: requests~=2.7 in /usr/local/lib/python3.12/dist-packages (from opentelemetry-exporter-otlp-proto-http==1.41.0->opentelemetry-exporter-otlp>=1.34.0->pyannote.audio) (2.32.4)
Collecting opentelemetry-api>=1.34.0 (from pyannote.audio)
  Downloading opentelemetry_api-1.41.0-py3-none-any.whl.metadata (1.5 kB)
Collecting opentelemetry-semantic-conventions==0.62b0 (from opentelemetry-sdk>=1.34.0->pyannote.audio)
  Downloading opentelemetry_semantic_conventions-0.62b0-py3-none-any.whl.metadata (2.5 kB)
Collecting pandas>=2.2.3 (from pyannote-core>=6.0.1->pyannote.audio)
  Downloading pandas-3.0.2-cp312-cp312-manylinux_2_24_x86_64.manylinux_2_28_x86_64.whl.metadata (79 kB)
     ━━━━━━━━━━━━━━━━━━━━━━━━━━━━━━━━━━━━━━━━ 79.5/79.5 kB 4.9 MB/s eta 0:00:00
Requirement already satisfied: sortedcontainers>=2.4.0 in /usr/local/lib/python3.12/dist-packages (from pyannote-core>=6.0.1->pyannote.audio) (2.4.0)
INFO: pip is looking at multiple versions of pyannote-metrics to determine which version is compatible with other requirements. This could take a while.
Collecting onnxruntime<2,>=1.14 (from faster-whisper)
  Downloading onnxruntime-1.24.3-cp312-cp312-manylinux_2_27_x86_64.manylinux_2_28_x86_64.whl.metadata (5.1 kB)
  Downloading onnxruntime-1.24.2-cp312-cp312-manylinux_2_27_x86_64.manylinux_2_28_x86_64.whl.metadata (5.0 kB)
  Downloading onnxruntime-1.24.1-cp312-cp312-manylinux_2_27_x86_64.manylinux_2_28_x86_64.whl.metadata (4.9 kB)
  Downloading onnxruntime-1.23.2-cp312-cp312-manylinux_2_27_x86_64.manylinux_2_28_x86_64.whl.metadata (5.1 kB)
Collecting coloredlogs (from onnxruntime<2,>=1.14->faster-whisper)
  Downloading coloredlogs-15.0.1-py2.py3-none-any.whl.metadata (12 kB)
Collecting onnxruntime<2,>=1.14 (from faster-whisper)
  Downloading onnxruntime-1.23.1-cp312-cp312-manylinux_2_27_x86_64.manylinux_2_28_x86_64.whl.metadata (5.0 kB)
  Downloading onnxruntime-1.23.0-cp312-cp312-manylinux_2_27_x86_64.manylinux_2_28_x86_64.whl.metadata (4.9 kB)
  Downloading onnxruntime-1.22.1-cp312-cp312-manylinux_2_27_x86_64.manylinux_2_28_x86_64.whl.metadata (4.9 kB)
INFO: pip is still looking at multiple versions of pyannote-metrics to determine which version is compatible with other requirements. This could take a while.
  Downloading onnxruntime-1.22.0-cp312-cp312-manylinux_2_27_x86_64.manylinux_2_28_x86_64.whl.metadata (4.8 kB)
  Downloading onnxruntime-1.21.1-cp312-cp312-manylinux_2_27_x86_64.manylinux_2_28_x86_64.whl.metadata (4.7 kB)
  Downloading onnxruntime-1.21.0-cp312-cp312-manylinux_2_27_x86_64.manylinux_2_28_x86_64.whl.metadata (4.7 kB)
  Downloading onnxruntime-1.20.1-cp312-cp312-manylinux_2_27_x86_64.manylinux_2_28_x86_64.whl.metadata (4.5 kB)
  Downloading onnxruntime-1.20.0-cp312-cp312-manylinux_2_27_x86_64.manylinux_2_28_x86_64.whl.metadata (4.4 kB)
INFO: This is taking longer than usual. You might need to provide the dependency resolver with stricter constraints to reduce runtime. See https://pip.pypa.io/warnings/backtracking for guidance. If you want to abort this run, press Ctrl + C.
  Downloading onnxruntime-1.19.2-cp312-cp312-manylinux_2_27_x86_64.manylinux_2_28_x86_64.whl.metadata (4.5 kB)
  Downloading onnxruntime-1.19.0-cp312-cp312-manylinux_2_27_x86_64.manylinux_2_28_x86_64.whl.metadata (4.3 kB)
  Downloading onnxruntime-1.18.1-cp312-cp312-manylinux_2_27_x86_64.manylinux_2_28_x86_64.whl.metadata (4.3 kB)
INFO: pip is looking at multiple versions of onnxruntime to determine which version is compatible with other requirements. This could take a while.
  Downloading onnxruntime-1.18.0-cp312-cp312-manylinux_2_27_x86_64.manylinux_2_28_x86_64.whl.metadata (4.3 kB)
  Downloading onnxruntime-1.17.3-cp312-cp312-manylinux_2_27_x86_64.manylinux_2_28_x86_64.whl.metadata (4.4 kB)
  Downloading onnxruntime-1.17.1-cp312-cp312-manylinux_2_27_x86_64.manylinux_2_28_x86_64.whl.metadata (4.3 kB)
  Downloading onnxruntime-1.17.0-cp312-cp312-manylinux_2_27_x86_64.manylinux_2_28_x86_64.whl.metadata (4.2 kB)
Collecting matplotlib>=3.10.0 (from pyannote.audio)
  Downloading matplotlib-3.10.8-cp312-cp312-manylinux2014_x86_64.manylinux_2_17_x86_64.whl.metadata (52 kB)
     ━━━━━━━━━━━━━━━━━━━━━━━━━━━━━━━━━━━━━━━━ 52.8/52.8 kB 6.6 MB/s eta 0:00:00
INFO: pip is still looking at multiple versions of onnxruntime to determine which version is compatible with other requirements. This could take a while.
  Downloading matplotlib-3.10.7-cp312-cp312-manylinux2014_x86_64.manylinux_2_17_x86_64.whl.metadata (11 kB)
INFO: This is taking longer than usual. You might need to provide the dependency resolver with stricter constraints to reduce runtime. See https://pip.pypa.io/warnings/backtracking for guidance. If you want to abort this run, press Ctrl + C.
  Downloading matplotlib-3.10.6-cp312-cp312-manylinux2014_x86_64.manylinux_2_17_x86_64.whl.metadata (11 kB)
  Downloading matplotlib-3.10.5-cp312-cp312-manylinux2014_x86_64.manylinux_2_17_x86_64.whl.metadata (11 kB)
  Downloading matplotlib-3.10.3-cp312-cp312-manylinux_2_17_x86_64.manylinux2014_x86_64.whl.metadata (11 kB)
  Downloading matplotlib-3.10.1-cp312-cp312-manylinux_2_17_x86_64.manylinux2014_x86_64.whl.metadata (11 kB)
  Downloading matplotlib-3.10.0-cp312-cp312-manylinux_2_17_x86_64.manylinux2014_x86_64.whl.metadata (11 kB)
Collecting pyannote.audio
  Downloading pyannote_audio-4.0.3-py3-none-any.whl.metadata (13 kB)
Requirement already satisfied: soundfile>=0.13.1 in /usr/local/lib/python3.12/dist-packages (from pyannote.audio) (0.13.1)
Collecting torch==2.8.0 (from pyannote.audio)
  Downloading torch-2.8.0-cp312-cp312-manylinux_2_28_x86_64.whl.metadata (30 kB)
Collecting torchaudio==2.8.0 (from pyannote.audio)
  Downloading torchaudio-2.8.0-cp312-cp312-manylinux_2_28_x86_64.whl.metadata (7.2 kB)
Collecting torchcodec==0.7.0 (from pyannote.audio)
  Downloading torchcodec-0.7.0-cp312-cp312-manylinux_2_28_x86_64.whl.metadata (9.4 kB)
Requirement already satisfied: networkx in /usr/local/lib/python3.12/dist-packages (from torch==2.8.0->pyannote.audio) (3.6.1)
Requirement already satisfied: jinja2 in /usr/local/lib/python3.12/dist-packages (from torch==2.8.0->pyannote.audio) (3.1.6)
Requirement already satisfied: nvidia-cuda-nvrtc-cu12==12.8.93 in /usr/local/lib/python3.12/dist-packages (from torch==2.8.0->pyannote.audio) (12.8.93)
Requirement already satisfied: nvidia-cuda-runtime-cu12==12.8.90 in /usr/local/lib/python3.12/dist-packages (from torch==2.8.0->pyannote.audio) (12.8.90)
Requirement already satisfied: nvidia-cuda-cupti-cu12==12.8.90 in /usr/local/lib/python3.12/dist-packages (from torch==2.8.0->pyannote.audio) (12.8.90)
Requirement already satisfied: nvidia-cudnn-cu12==9.10.2.21 in /usr/local/lib/python3.12/dist-packages (from torch==2.8.0->pyannote.audio) (9.10.2.21)
Requirement already satisfied: nvidia-cublas-cu12==12.8.4.1 in /usr/local/lib/python3.12/dist-packages (from torch==2.8.0->pyannote.audio) (12.8.4.1)
Requirement already satisfied: nvidia-cufft-cu12==11.3.3.83 in /usr/local/lib/python3.12/dist-packages (from torch==2.8.0->pyannote.audio) (11.3.3.83)
Requirement already satisfied: nvidia-curand-cu12==10.3.9.90 in /usr/local/lib/python3.12/dist-packages (from torch==2.8.0->pyannote.audio) (10.3.9.90)
Requirement already satisfied: nvidia-cusolver-cu12==11.7.3.90 in /usr/local/lib/python3.12/dist-packages (from torch==2.8.0->pyannote.audio) (11.7.3.90)
Requirement already satisfied: nvidia-cusparse-cu12==12.5.8.93 in /usr/local/lib/python3.12/dist-packages (from torch==2.8.0->pyannote.audio) (12.5.8.93)
Requirement already satisfied: nvidia-cusparselt-cu12==0.7.1 in /usr/local/lib/python3.12/dist-packages (from torch==2.8.0->pyannote.audio) (0.7.1)
Collecting nvidia-nccl-cu12==2.27.3 (from torch==2.8.0->pyannote.audio)
  Downloading nvidia_nccl_cu12-2.27.3-py3-none-manylinux2014_x86_64.manylinux_2_17_x86_64.whl.metadata (2.0 kB)
Requirement already satisfied: nvidia-nvtx-cu12==12.8.90 in /usr/local/lib/python3.12/dist-packages (from torch==2.8.0->pyannote.audio) (12.8.90)
Requirement already satisfied: nvidia-nvjitlink-cu12==12.8.93 in /usr/local/lib/python3.12/dist-packages (from torch==2.8.0->pyannote.audio) (12.8.93)
Requirement already satisfied: nvidia-cufile-cu12==1.13.1.3 in /usr/local/lib/python3.12/dist-packages (from torch==2.8.0->pyannote.audio) (1.13.1.3)
Collecting triton==3.4.0 (from torch==2.8.0->pyannote.audio)
  Downloading triton-3.4.0-cp312-cp312-manylinux_2_27_x86_64.manylinux_2_28_x86_64.whl.metadata (1.7 kB)
Collecting pyannote.audio
  Downloading pyannote_audio-4.0.2-py3-none-any.whl.metadata (13 kB)
  Downloading pyannote_audio-4.0.1-py3-none-any.whl.metadata (14 kB)
  Downloading pyannote_audio-4.0.0-py3-none-any.whl.metadata (14 kB)
Collecting opentelemetry-api==1.34.0 (from pyannote.audio)
  Downloading opentelemetry_api-1.34.0-py3-none-any.whl.metadata (1.5 kB)
Collecting opentelemetry-exporter-otlp==1.34.0 (from pyannote.audio)
  Downloading opentelemetry_exporter_otlp-1.34.0-py3-none-any.whl.metadata (2.4 kB)
Collecting opentelemetry-sdk==1.34.0 (from pyannote.audio)
  Downloading opentelemetry_sdk-1.34.0-py3-none-any.whl.metadata (1.6 kB)
Collecting opentelemetry-exporter-otlp-proto-grpc==1.34.0 (from opentelemetry-exporter-otlp==1.34.0->pyannote.audio)
  Downloading opentelemetry_exporter_otlp_proto_grpc-1.34.0-py3-none-any.whl.metadata (2.4 kB)
Collecting opentelemetry-exporter-otlp-proto-http==1.34.0 (from opentelemetry-exporter-otlp==1.34.0->pyannote.audio)
  Downloading opentelemetry_exporter_otlp_proto_http-1.34.0-py3-none-any.whl.metadata (2.3 kB)
Collecting opentelemetry-semantic-conventions==0.55b0 (from opentelemetry-sdk==1.34.0->pyannote.audio)
  Downloading opentelemetry_semantic_conventions-0.55b0-py3-none-any.whl.metadata (2.5 kB)
Collecting opentelemetry-exporter-otlp-proto-common==1.34.0 (from opentelemetry-exporter-otlp-proto-grpc==1.34.0->opentelemetry-exporter-otlp==1.34.0->pyannote.audio)
  Downloading opentelemetry_exporter_otlp_proto_common-1.34.0-py3-none-any.whl.metadata (1.9 kB)
Collecting opentelemetry-proto==1.34.0 (from opentelemetry-exporter-otlp-proto-grpc==1.34.0->opentelemetry-exporter-otlp==1.34.0->pyannote.audio)
  Downloading opentelemetry_proto-1.34.0-py3-none-any.whl.metadata (2.4 kB)
Collecting pyannote.audio
  Downloading pyannote_audio-3.4.0-py2.py3-none-any.whl.metadata (11 kB)
Requirement already satisfied: omegaconf<3.0,>=2.1 in /usr/local/lib/python3.12/dist-packages (from pyannote.audio) (2.3.0)
Collecting pyannote.core<6.0,>=5.0.0 (from pyannote.audio)
  Downloading pyannote.core-5.0.0-py3-none-any.whl.metadata (1.4 kB)
Collecting pyannote.database<6.0,>=5.0.1 (from pyannote.audio)
  Downloading pyannote.database-5.1.3-py3-none-any.whl.metadata (1.1 kB)
Collecting pyannote.metrics<4.0,>=3.2 (from pyannote.audio)
  Downloading pyannote.metrics-3.2.1-py3-none-any.whl.metadata (1.3 kB)
Collecting pyannote.pipeline<4.0,>=3.0.1 (from pyannote.audio)
  Downloading pyannote.pipeline-3.0.1-py3-none-any.whl.metadata (897 bytes)
Collecting semver>=3.0.0 (from pyannote.audio)
  Downloading semver-3.0.4-py3-none-any.whl.metadata (6.8 kB)
Collecting speechbrain>=1.0.0 (from pyannote.audio)
  Downloading speechbrain-1.1.0-py3-none-any.whl.metadata (24 kB)
Collecting tensorboardX>=2.6 (from pyannote.audio)
  Downloading tensorboardx-2.6.5-py3-none-any.whl.metadata (6.6 kB)
Requirement already satisfied: scipy>=1.1 in /usr/local/lib/python3.12/dist-packages (from pyannote.core<6.0,>=5.0.0->pyannote.audio) (1.16.3)
Requirement already satisfied: pandas>=0.19 in /usr/local/lib/python3.12/dist-packages (from pyannote.metrics<4.0,>=3.2->pyannote.audio) (2.2.2)
Requirement already satisfied: scikit-learn>=0.17.1 in /usr/local/lib/python3.12/dist-packages (from pyannote.metrics<4.0,>=3.2->pyannote.audio) (1.6.1)
Collecting docopt>=0.6.2 (from pyannote.metrics<4.0,>=3.2->pyannote.audio)
  Downloading docopt-0.6.2.tar.gz (25 kB)
  Preparing metadata (setup.py): started
  Preparing metadata (setup.py): finished with status 'done'
Requirement already satisfied: tabulate>=0.7.7 in /usr/local/lib/python3.12/dist-packages (from pyannote.metrics<4.0,>=3.2->pyannote.audio) (0.9.0)
Requirement already satisfied: antlr4-python3-runtime==4.9.* in /usr/local/lib/python3.12/dist-packages (from omegaconf<3.0,>=2.1->pyannote.audio) (4.9.3)
Collecting optuna>=3.1 (from pyannote.pipeline<4.0,>=3.0.1->pyannote.audio)
  Downloading optuna-4.8.0-py3-none-any.whl.metadata (17 kB)
Requirement already satisfied: markdown-it-py>=2.2.0 in /usr/local/lib/python3.12/dist-packages (from rich>=13.9.4->pyannote.audio) (4.0.0)
Requirement already satisfied: pygments<3.0.0,>=2.13.0 in /usr/local/lib/python3.12/dist-packages (from rich>=13.9.4->pyannote.audio) (2.20.0)
Requirement already satisfied: cffi>=1.0 in /usr/local/lib/python3.12/dist-packages (from soundfile>=0.13.1->pyannote.audio) (2.0.0)
Collecting hyperpyyaml>=0.0.1 (from speechbrain>=1.0.0->pyannote.audio)
  Downloading hyperpyyaml-1.2.3-py3-none-any.whl.metadata (8.1 kB)
Requirement already satisfied: joblib>=0.14.1 in /usr/local/lib/python3.12/dist-packages (from speechbrain>=1.0.0->pyannote.audio) (1.5.3)
Requirement already satisfied: sentencepiece>=0.1.91 in /usr/local/lib/python3.12/dist-packages (from speechbrain>=1.0.0->pyannote.audio) (0.2.1)
Requirement already satisfied: cuda-bindings==12.9.4 in /usr/local/lib/python3.12/dist-packages (from torch>=2.8.0->pyannote.audio) (12.9.4)
Requirement already satisfied: nvidia-nccl-cu12==2.27.5 in /usr/local/lib/python3.12/dist-packages (from torch>=2.8.0->pyannote.audio) (2.27.5)
Requirement already satisfied: nvidia-nvshmem-cu12==3.4.5 in /usr/local/lib/python3.12/dist-packages (from torch>=2.8.0->pyannote.audio) (3.4.5)
Requirement already satisfied: triton==3.6.0 in /usr/local/lib/python3.12/dist-packages (from torch>=2.8.0->pyannote.audio) (3.6.0)
Requirement already satisfied: cuda-pathfinder~=1.1 in /usr/local/lib/python3.12/dist-packages (from cuda-bindings==12.9.4->torch>=2.8.0->pyannote.audio) (1.5.0)
Collecting julius<0.3,>=0.2.3 (from torch-audiomentations>=0.12.0->pyannote.audio)
  Downloading julius-0.2.7.tar.gz (59 kB)
     ━━━━━━━━━━━━━━━━━━━━━━━━━━━━━━━━━━━━━━━━ 59.6/59.6 kB 7.9 MB/s eta 0:00:00
  Preparing metadata (setup.py): started
  Preparing metadata (setup.py): finished with status 'done'
Collecting torch-pitch-shift>=1.2.2 (from torch-audiomentations>=0.12.0->pyannote.audio)
  Downloading torch_pitch_shift-1.2.5-py3-none-any.whl.metadata (2.5 kB)
Requirement already satisfied: pycparser in /usr/local/lib/python3.12/dist-packages (from cffi>=1.0->soundfile>=0.13.1->pyannote.audio) (3.0)
Requirement already satisfied: aiohttp!=4.0.0a0,!=4.0.0a1 in /usr/local/lib/python3.12/dist-packages (from fsspec[http]<2028.0,>=2022.5.0->lightning>=2.4->pyannote.audio) (3.13.4)
Requirement already satisfied: anyio in /usr/local/lib/python3.12/dist-packages (from httpx<1,>=0.23.0->huggingface-hub>=0.21->faster-whisper) (4.13.0)
Requirement already satisfied: certifi in /usr/local/lib/python3.12/dist-packages (from httpx<1,>=0.23.0->huggingface-hub>=0.21->faster-whisper) (2026.2.25)
Requirement already satisfied: httpcore==1.* in /usr/local/lib/python3.12/dist-packages (from httpx<1,>=0.23.0->huggingface-hub>=0.21->faster-whisper) (1.0.9)
Requirement already satisfied: idna in /usr/local/lib/python3.12/dist-packages (from httpx<1,>=0.23.0->huggingface-hub>=0.21->faster-whisper) (3.11)
Requirement already satisfied: h11>=0.16 in /usr/local/lib/python3.12/dist-packages (from httpcore==1.*->httpx<1,>=0.23.0->huggingface-hub>=0.21->faster-whisper) (0.16.0)
Collecting ruamel.yaml<0.19.0,>=0.17.28 (from hyperpyyaml>=0.0.1->speechbrain>=1.0.0->pyannote.audio)
  Downloading ruamel_yaml-0.18.17-py3-none-any.whl.metadata (27 kB)
Requirement already satisfied: mdurl~=0.1 in /usr/local/lib/python3.12/dist-packages (from markdown-it-py>=2.2.0->rich>=13.9.4->pyannote.audio) (0.1.2)
Requirement already satisfied: alembic>=1.5.0 in /usr/local/lib/python3.12/dist-packages (from optuna>=3.1->pyannote.pipeline<4.0,>=3.0.1->pyannote.audio) (1.18.4)
Collecting colorlog (from optuna>=3.1->pyannote.pipeline<4.0,>=3.0.1->pyannote.audio)
  Downloading colorlog-6.10.1-py3-none-any.whl.metadata (11 kB)
Requirement already satisfied: sqlalchemy>=1.4.2 in /usr/local/lib/python3.12/dist-packages (from optuna>=3.1->pyannote.pipeline<4.0,>=3.0.1->pyannote.audio) (2.0.48)
Requirement already satisfied: pytz>=2020.1 in /usr/local/lib/python3.12/dist-packages (from pandas>=0.19->pyannote.metrics<4.0,>=3.2->pyannote.audio) (2025.2)
Requirement already satisfied: tzdata>=2022.7 in /usr/local/lib/python3.12/dist-packages (from pandas>=0.19->pyannote.metrics<4.0,>=3.2->pyannote.audio) (2025.3)
Requirement already satisfied: charset_normalizer<4,>=2 in /usr/local/lib/python3.12/dist-packages (from requests~=2.7->opentelemetry-exporter-otlp-proto-http==1.41.0->opentelemetry-exporter-otlp>=1.34.0->pyannote.audio) (3.4.6)
Requirement already satisfied: urllib3<3,>=1.21.1 in /usr/local/lib/python3.12/dist-packages (from requests~=2.7->opentelemetry-exporter-otlp-proto-http==1.41.0->opentelemetry-exporter-otlp>=1.34.0->pyannote.audio) (2.5.0)
Requirement already satisfied: threadpoolctl>=3.1.0 in /usr/local/lib/python3.12/dist-packages (from scikit-learn>=0.17.1->pyannote.metrics<4.0,>=3.2->pyannote.audio) (3.6.0)
Requirement already satisfied: mpmath<1.4,>=1.1.0 in /usr/local/lib/python3.12/dist-packages (from sympy->onnxruntime<2,>=1.14->faster-whisper) (1.3.0)
Collecting primePy>=1.3 (from torch-pitch-shift>=1.2.2->torch-audiomentations>=0.12.0->pyannote.audio)
  Downloading primePy-1.3-py3-none-any.whl.metadata (4.8 kB)
Requirement already satisfied: click>=8.2.1 in /usr/local/lib/python3.12/dist-packages (from typer->huggingface-hub>=0.21->faster-whisper) (8.3.1)
Requirement already satisfied: shellingham>=1.3.0 in /usr/local/lib/python3.12/dist-packages (from typer->huggingface-hub>=0.21->faster-whisper) (1.5.4)
Requirement already satisfied: annotated-doc>=0.0.2 in /usr/local/lib/python3.12/dist-packages (from typer->huggingface-hub>=0.21->faster-whisper) (0.0.4)
Requirement already satisfied: MarkupSafe>=2.0 in /usr/local/lib/python3.12/dist-packages (from jinja2->torch==2.8.0->pyannote.audio) (3.0.3)
Requirement already satisfied: aiohappyeyeballs>=2.5.0 in /usr/local/lib/python3.12/dist-packages (from aiohttp!=4.0.0a0,!=4.0.0a1->fsspec[http]<2028.0,>=2022.5.0->lightning>=2.4->pyannote.audio) (2.6.1)
Requirement already satisfied: aiosignal>=1.4.0 in /usr/local/lib/python3.12/dist-packages (from aiohttp!=4.0.0a0,!=4.0.0a1->fsspec[http]<2028.0,>=2022.5.0->lightning>=2.4->pyannote.audio) (1.4.0)
Requirement already satisfied: attrs>=17.3.0 in /usr/local/lib/python3.12/dist-packages (from aiohttp!=4.0.0a0,!=4.0.0a1->fsspec[http]<2028.0,>=2022.5.0->lightning>=2.4->pyannote.audio) (26.1.0)
Requirement already satisfied: frozenlist>=1.1.1 in /usr/local/lib/python3.12/dist-packages (from aiohttp!=4.0.0a0,!=4.0.0a1->fsspec[http]<2028.0,>=2022.5.0->lightning>=2.4->pyannote.audio) (1.8.0)
Requirement already satisfied: multidict<7.0,>=4.5 in /usr/local/lib/python3.12/dist-packages (from aiohttp!=4.0.0a0,!=4.0.0a1->fsspec[http]<2028.0,>=2022.5.0->lightning>=2.4->pyannote.audio) (6.7.1)
Requirement already satisfied: propcache>=0.2.0 in /usr/local/lib/python3.12/dist-packages (from aiohttp!=4.0.0a0,!=4.0.0a1->fsspec[http]<2028.0,>=2022.5.0->lightning>=2.4->pyannote.audio) (0.4.1)
Requirement already satisfied: yarl<2.0,>=1.17.0 in /usr/local/lib/python3.12/dist-packages (from aiohttp!=4.0.0a0,!=4.0.0a1->fsspec[http]<2028.0,>=2022.5.0->lightning>=2.4->pyannote.audio) (1.23.0)
Requirement already satisfied: Mako in /usr/local/lib/python3.12/dist-packages (from alembic>=1.5.0->optuna>=3.1->pyannote.pipeline<4.0,>=3.0.1->pyannote.audio) (1.3.10)
Requirement already satisfied: six>=1.5 in /usr/local/lib/python3.12/dist-packages (from python-dateutil>=2.7->matplotlib>=3.10.0->pyannote.audio) (1.17.0)
Collecting ruamel.yaml.clib>=0.2.15 (from ruamel.yaml<0.19.0,>=0.17.28->hyperpyyaml>=0.0.1->speechbrain>=1.0.0->pyannote.audio)
  Downloading ruamel_yaml_clib-0.2.15-cp312-cp312-manylinux2014_x86_64.manylinux_2_17_x86_64.manylinux_2_28_x86_64.whl.metadata (3.5 kB)
Requirement already satisfied: greenlet>=1 in /usr/local/lib/python3.12/dist-packages (from sqlalchemy>=1.4.2->optuna>=3.1->pyannote.pipeline<4.0,>=3.0.1->pyannote.audio) (3.3.2)
Downloading faster_whisper-1.2.1-py3-none-any.whl (1.1 MB)
   ━━━━━━━━━━━━━━━━━━━━━━━━━━━━━━━━━━━━━━━━ 1.1/1.1 MB 55.3 MB/s eta 0:00:00
Downloading ctranslate2-4.7.1-cp312-cp312-manylinux_2_27_x86_64.manylinux_2_28_x86_64.whl (39.0 MB)
   ━━━━━━━━━━━━━━━━━━━━━━━━━━━━━━━━━━━━━━━━ 39.0/39.0 MB 33.9 MB/s eta 0:00:00
Downloading onnxruntime-1.24.4-cp312-cp312-manylinux_2_27_x86_64.manylinux_2_28_x86_64.whl (17.2 MB)
   ━━━━━━━━━━━━━━━━━━━━━━━━━━━━━━━━━━━━━━━━ 17.2/17.2 MB 100.7 MB/s eta 0:00:00
Downloading pyannote_audio-3.4.0-py2.py3-none-any.whl (897 kB)
   ━━━━━━━━━━━━━━━━━━━━━━━━━━━━━━━━━━━━━━━━ 897.8/897.8 kB 72.4 MB/s eta 0:00:00
Downloading asteroid_filterbanks-0.4.0-py3-none-any.whl (29 kB)
Downloading pyannote.core-5.0.0-py3-none-any.whl (58 kB)
   ━━━━━━━━━━━━━━━━━━━━━━━━━━━━━━━━━━━━━━━━ 58.5/58.5 kB 8.1 MB/s eta 0:00:00
Downloading pyannote.metrics-3.2.1-py3-none-any.whl (51 kB)
   ━━━━━━━━━━━━━━━━━━━━━━━━━━━━━━━━━━━━━━━━ 51.4/51.4 kB 7.0 MB/s eta 0:00:00
Downloading av-17.0.0-cp311-abi3-manylinux_2_28_x86_64.whl (36.4 MB)
   ━━━━━━━━━━━━━━━━━━━━━━━━━━━━━━━━━━━━━━━━ 36.4/36.4 MB 24.4 MB/s eta 0:00:00
Downloading lightning-2.6.1-py3-none-any.whl (853 kB)
   ━━━━━━━━━━━━━━━━━━━━━━━━━━━━━━━━━━━━━━━━ 853.6/853.6 kB 67.7 MB/s eta 0:00:00
Downloading pyannote.database-5.1.3-py3-none-any.whl (48 kB)
   ━━━━━━━━━━━━━━━━━━━━━━━━━━━━━━━━━━━━━━━━ 48.1/48.1 kB 6.5 MB/s eta 0:00:00
Downloading pyannote.pipeline-3.0.1-py3-none-any.whl (31 kB)
Downloading pytorch_metric_learning-2.9.0-py3-none-any.whl (127 kB)
   ━━━━━━━━━━━━━━━━━━━━━━━━━━━━━━━━━━━━━━━━ 127.8/127.8 kB 15.0 MB/s eta 0:00:00
Downloading semver-3.0.4-py3-none-any.whl (17 kB)
Downloading speechbrain-1.1.0-py3-none-any.whl (2.3 MB)
   ━━━━━━━━━━━━━━━━━━━━━━━━━━━━━━━━━━━━━━━━ 2.3/2.3 MB 115.8 MB/s eta 0:00:00
Downloading tensorboardx-2.6.5-py3-none-any.whl (87 kB)
   ━━━━━━━━━━━━━━━━━━━━━━━━━━━━━━━━━━━━━━━━ 87.5/87.5 kB 12.5 MB/s eta 0:00:00
Downloading torch_audiomentations-0.12.0-py3-none-any.whl (48 kB)
   ━━━━━━━━━━━━━━━━━━━━━━━━━━━━━━━━━━━━━━━━ 48.5/48.5 kB 6.9 MB/s eta 0:00:00
Downloading torchmetrics-1.9.0-py3-none-any.whl (983 kB)
   ━━━━━━━━━━━━━━━━━━━━━━━━━━━━━━━━━━━━━━━━ 983.4/983.4 kB 77.9 MB/s eta 0:00:00
Downloading hyperpyyaml-1.2.3-py3-none-any.whl (16 kB)
Downloading lightning_utilities-0.15.3-py3-none-any.whl (31 kB)
Downloading optuna-4.8.0-py3-none-any.whl (419 kB)
   ━━━━━━━━━━━━━━━━━━━━━━━━━━━━━━━━━━━━━━━━ 419.5/419.5 kB 51.1 MB/s eta 0:00:00
Downloading torch_pitch_shift-1.2.5-py3-none-any.whl (5.0 kB)
Downloading pytorch_lightning-2.6.1-py3-none-any.whl (857 kB)
   ━━━━━━━━━━━━━━━━━━━━━━━━━━━━━━━━━━━━━━━━ 857.3/857.3 kB 71.0 MB/s eta 0:00:00
Downloading primePy-1.3-py3-none-any.whl (4.0 kB)
Downloading ruamel_yaml-0.18.17-py3-none-any.whl (121 kB)
   ━━━━━━━━━━━━━━━━━━━━━━━━━━━━━━━━━━━━━━━━ 121.6/121.6 kB 16.9 MB/s eta 0:00:00
Downloading colorlog-6.10.1-py3-none-any.whl (11 kB)
Downloading ruamel_yaml_clib-0.2.15-cp312-cp312-manylinux2014_x86_64.manylinux_2_17_x86_64.manylinux_2_28_x86_64.whl (788 kB)
   ━━━━━━━━━━━━━━━━━━━━━━━━━━━━━━━━━━━━━━━━ 788.2/788.2 kB 67.8 MB/s eta 0:00:00
Building wheels for collected packages: docopt, julius
  Building wheel for docopt (setup.py): started
  Building wheel for docopt (setup.py): finished with status 'done'
  Created wheel for docopt: filename=docopt-0.6.2-py2.py3-none-any.whl size=13706 sha256=e74b6d1762e8afdd7ba4ae04c17595cd5617262d4f150530bfaca28cadbac32b
  Stored in directory: /root/.cache/pip/wheels/1a/bf/a1/4cee4f7678c68c5875ca89eaccf460593539805c3906722228
  Building wheel for julius (setup.py): started
  Building wheel for julius (setup.py): finished with status 'done'
  Created wheel for julius: filename=julius-0.2.7-py3-none-any.whl size=21870 sha256=540dd29ac4046d32e4849653cbdd77ae0de9ad558b16081ff6c7165fb92f5487
  Stored in directory: /root/.cache/pip/wheels/de/c1/ca/544dafe48401e8e2e17064dfe465a390fca9e8720ffa12e744
Successfully built docopt julius
Installing collected packages: primePy, docopt, tensorboardX, semver, ruamel.yaml.clib, lightning-utilities, ctranslate2, colorlog, av, ruamel.yaml, pyannote.core, onnxruntime, optuna, hyperpyyaml, torchmetrics, pytorch-metric-learning, pyannote.database, julius, asteroid-filterbanks, torch-pitch-shift, speechbrain, pytorch-lightning, pyannote.pipeline, pyannote.metrics, torch-audiomentations, lightning, faster-whisper, pyannote.audio
Successfully installed asteroid-filterbanks-0.4.0 av-17.0.0 colorlog-6.10.1 ctranslate2-4.7.1 docopt-0.6.2 faster-whisper-1.2.1 hyperpyyaml-1.2.3 julius-0.2.7 lightning-2.6.1 lightning-utilities-0.15.3 onnxruntime-1.24.4 optuna-4.8.0 primePy-1.3 pyannote.audio-3.4.0 pyannote.core-5.0.0 pyannote.database-5.1.3 pyannote.metrics-3.2.1 pyannote.pipeline-3.0.1 pytorch-lightning-2.6.1 pytorch-metric-learning-2.9.0 ruamel.yaml-0.18.17 ruamel.yaml.clib-0.2.15 semver-3.0.4 speechbrain-1.1.0 tensorboardX-2.6.5 torch-audiomentations-0.12.0 torch-pitch-shift-1.2.5 torchmetrics-1.9.0

==================================================
(2/3) WhisperX
==================================================
Collecting whisperx
  Downloading whisperx-3.8.5-py3-none-any.whl.metadata (16 kB)
Downloading whisperx-3.8.5-py3-none-any.whl (16.5 MB)
   ━━━━━━━━━━━━━━━━━━━━━━━━━━━━━━━━━━━━━━━━ 16.5/16.5 MB 23.1 MB/s eta 0:00:00
Installing collected packages: whisperx
Successfully installed whisperx-3.8.5

==================================================
(3/3) Utilitários
==================================================
Requirement already satisfied: pydub in /usr/local/lib/python3.12/dist-packages (0.25.1)
Collecting gdown==5.2.0
  Downloading gdown-5.2.0-py3-none-any.whl.metadata (5.8 kB)
Collecting loguru
  Downloading loguru-0.7.3-py3-none-any.whl.metadata (22 kB)
Requirement already satisfied: nltk in /usr/local/lib/python3.12/dist-packages (3.9.1)
Requirement already satisfied: omegaconf in /usr/local/lib/python3.12/dist-packages (2.3.0)
Collecting yt-dlp
  Downloading yt_dlp-2026.3.17-py3-none-any.whl.metadata (182 kB)
     ━━━━━━━━━━━━━━━━━━━━━━━━━━━━━━━━━━━━━━ 182.3/182.3 kB 12.2 MB/s eta 0:00:00
Collecting lameenc>=1.2
  Downloading lameenc-1.8.2-cp312-cp312-manylinux2014_x86_64.manylinux_2_17_x86_64.manylinux_2_28_x86_64.whl.metadata (10.0 kB)
Collecting openunmix
  Downloading openunmix-1.3.0-py3-none-any.whl.metadata (17 kB)
Collecting wget
  Downloading wget-3.2.zip (10 kB)
  Preparing metadata (setup.py): started
  Preparing metadata (setup.py): finished with status 'done'
Requirement already satisfied: beautifulsoup4 in /usr/local/lib/python3.12/dist-packages (from gdown==5.2.0) (4.13.5)
Requirement already satisfied: filelock in /usr/local/lib/python3.12/dist-packages (from gdown==5.2.0) (3.25.2)
Requirement already satisfied: requests[socks] in /usr/local/lib/python3.12/dist-packages (from gdown==5.2.0) (2.32.4)
Requirement already satisfied: tqdm in /usr/local/lib/python3.12/dist-packages (from gdown==5.2.0) (4.67.3)
Requirement already satisfied: click in /usr/local/lib/python3.12/dist-packages (from nltk) (8.3.1)
Requirement already satisfied: joblib in /usr/local/lib/python3.12/dist-packages (from nltk) (1.5.3)
Requirement already satisfied: regex>=2021.8.3 in /usr/local/lib/python3.12/dist-packages (from nltk) (2025.11.3)
Requirement already satisfied: antlr4-python3-runtime==4.9.* in /usr/local/lib/python3.12/dist-packages (from omegaconf) (4.9.3)
Requirement already satisfied: PyYAML>=5.1.0 in /usr/local/lib/python3.12/dist-packages (from omegaconf) (6.0.3)
Requirement already satisfied: numpy in /usr/local/lib/python3.12/dist-packages (from openunmix) (2.0.2)
Requirement already satisfied: torchaudio>=0.9.0 in /usr/local/lib/python3.12/dist-packages (from openunmix) (2.10.0+cu128)
Requirement already satisfied: torch>=1.9.0 in /usr/local/lib/python3.12/dist-packages (from openunmix) (2.10.0+cu128)
Requirement already satisfied: typing-extensions>=4.10.0 in /usr/local/lib/python3.12/dist-packages (from torch>=1.9.0->openunmix) (4.15.0)
Requirement already satisfied: setuptools in /usr/local/lib/python3.12/dist-packages (from torch>=1.9.0->openunmix) (75.2.0)
Requirement already satisfied: sympy>=1.13.3 in /usr/local/lib/python3.12/dist-packages (from torch>=1.9.0->openunmix) (1.14.0)
Requirement already satisfied: networkx>=2.5.1 in /usr/local/lib/python3.12/dist-packages (from torch>=1.9.0->openunmix) (3.6.1)
Requirement already satisfied: jinja2 in /usr/local/lib/python3.12/dist-packages (from torch>=1.9.0->openunmix) (3.1.6)
Requirement already satisfied: fsspec>=0.8.5 in /usr/local/lib/python3.12/dist-packages (from torch>=1.9.0->openunmix) (2025.3.0)
Requirement already satisfied: cuda-bindings==12.9.4 in /usr/local/lib/python3.12/dist-packages (from torch>=1.9.0->openunmix) (12.9.4)
Requirement already satisfied: nvidia-cuda-nvrtc-cu12==12.8.93 in /usr/local/lib/python3.12/dist-packages (from torch>=1.9.0->openunmix) (12.8.93)
Requirement already satisfied: nvidia-cuda-runtime-cu12==12.8.90 in /usr/local/lib/python3.12/dist-packages (from torch>=1.9.0->openunmix) (12.8.90)
Requirement already satisfied: nvidia-cuda-cupti-cu12==12.8.90 in /usr/local/lib/python3.12/dist-packages (from torch>=1.9.0->openunmix) (12.8.90)
Requirement already satisfied: nvidia-cudnn-cu12==9.10.2.21 in /usr/local/lib/python3.12/dist-packages (from torch>=1.9.0->openunmix) (9.10.2.21)
Requirement already satisfied: nvidia-cublas-cu12==12.8.4.1 in /usr/local/lib/python3.12/dist-packages (from torch>=1.9.0->openunmix) (12.8.4.1)
Requirement already satisfied: nvidia-cufft-cu12==11.3.3.83 in /usr/local/lib/python3.12/dist-packages (from torch>=1.9.0->openunmix) (11.3.3.83)
Requirement already satisfied: nvidia-curand-cu12==10.3.9.90 in /usr/local/lib/python3.12/dist-packages (from torch>=1.9.0->openunmix) (10.3.9.90)
Requirement already satisfied: nvidia-cusolver-cu12==11.7.3.90 in /usr/local/lib/python3.12/dist-packages (from torch>=1.9.0->openunmix) (11.7.3.90)
Requirement already satisfied: nvidia-cusparse-cu12==12.5.8.93 in /usr/local/lib/python3.12/dist-packages (from torch>=1.9.0->openunmix) (12.5.8.93)
Requirement already satisfied: nvidia-cusparselt-cu12==0.7.1 in /usr/local/lib/python3.12/dist-packages (from torch>=1.9.0->openunmix) (0.7.1)
Requirement already satisfied: nvidia-nccl-cu12==2.27.5 in /usr/local/lib/python3.12/dist-packages (from torch>=1.9.0->openunmix) (2.27.5)
Requirement already satisfied: nvidia-nvshmem-cu12==3.4.5 in /usr/local/lib/python3.12/dist-packages (from torch>=1.9.0->openunmix) (3.4.5)
Requirement already satisfied: nvidia-nvtx-cu12==12.8.90 in /usr/local/lib/python3.12/dist-packages (from torch>=1.9.0->openunmix) (12.8.90)
Requirement already satisfied: nvidia-nvjitlink-cu12==12.8.93 in /usr/local/lib/python3.12/dist-packages (from torch>=1.9.0->openunmix) (12.8.93)
Requirement already satisfied: nvidia-cufile-cu12==1.13.1.3 in /usr/local/lib/python3.12/dist-packages (from torch>=1.9.0->openunmix) (1.13.1.3)
Requirement already satisfied: triton==3.6.0 in /usr/local/lib/python3.12/dist-packages (from torch>=1.9.0->openunmix) (3.6.0)
Requirement already satisfied: cuda-pathfinder~=1.1 in /usr/local/lib/python3.12/dist-packages (from cuda-bindings==12.9.4->torch>=1.9.0->openunmix) (1.5.0)
Requirement already satisfied: soupsieve>1.2 in /usr/local/lib/python3.12/dist-packages (from beautifulsoup4->gdown==5.2.0) (2.8.3)
Requirement already satisfied: charset_normalizer<4,>=2 in /usr/local/lib/python3.12/dist-packages (from requests[socks]->gdown==5.2.0) (3.4.6)
Requirement already satisfied: idna<4,>=2.5 in /usr/local/lib/python3.12/dist-packages (from requests[socks]->gdown==5.2.0) (3.11)
Requirement already satisfied: urllib3<3,>=1.21.1 in /usr/local/lib/python3.12/dist-packages (from requests[socks]->gdown==5.2.0) (2.5.0)
Requirement already satisfied: certifi>=2017.4.17 in /usr/local/lib/python3.12/dist-packages (from requests[socks]->gdown==5.2.0) (2026.2.25)
Requirement already satisfied: PySocks!=1.5.7,>=1.5.6 in /usr/local/lib/python3.12/dist-packages (from requests[socks]->gdown==5.2.0) (1.7.1)
Requirement already satisfied: mpmath<1.4,>=1.1.0 in /usr/local/lib/python3.12/dist-packages (from sympy>=1.13.3->torch>=1.9.0->openunmix) (1.3.0)
Requirement already satisfied: MarkupSafe>=2.0 in /usr/local/lib/python3.12/dist-packages (from jinja2->torch>=1.9.0->openunmix) (3.0.3)
Downloading gdown-5.2.0-py3-none-any.whl (18 kB)
Downloading loguru-0.7.3-py3-none-any.whl (61 kB)
   ━━━━━━━━━━━━━━━━━━━━━━━━━━━━━━━━━━━━━━━━ 61.6/61.6 kB 7.9 MB/s eta 0:00:00
Downloading yt_dlp-2026.3.17-py3-none-any.whl (3.3 MB)
   ━━━━━━━━━━━━━━━━━━━━━━━━━━━━━━━━━━━━━━━━ 3.3/3.3 MB 100.6 MB/s eta 0:00:00
Downloading lameenc-1.8.2-cp312-cp312-manylinux2014_x86_64.manylinux_2_17_x86_64.manylinux_2_28_x86_64.whl (249 kB)
   ━━━━━━━━━━━━━━━━━━━━━━━━━━━━━━━━━━━━━━━━ 249.3/249.3 kB 23.3 MB/s eta 0:00:00
Downloading openunmix-1.3.0-py3-none-any.whl (40 kB)
   ━━━━━━━━━━━━━━━━━━━━━━━━━━━━━━━━━━━━━━━━ 40.0/40.0 kB 4.8 MB/s eta 0:00:00
Building wheels for collected packages: wget
  Building wheel for wget (setup.py): started
  Building wheel for wget (setup.py): finished with status 'done'
  Created wheel for wget: filename=wget-3.2-py3-none-any.whl size=9655 sha256=ca7b102e5c8db510a64d45c586be68fa3a669b1ac1e94482ae2a775e76a5f785
  Stored in directory: /root/.cache/pip/wheels/01/46/3b/e29ffbe4ebe614ff224bad40fc6a5773a67a163251585a13a9
Successfully built wget
Installing collected packages: wget, lameenc, yt-dlp, loguru, gdown, openunmix
  Attempting uninstall: gdown
    Found existing installation: gdown 5.2.1
    Uninstalling gdown-5.2.1:
      Successfully uninstalled gdown-5.2.1
Successfully installed gdown-5.2.0 lameenc-1.8.2 loguru-0.7.3 openunmix-1.3.0 wget-3.2 yt-dlp-2026.3.17
2026-04-14 16:33:04.363 | INFO     | <cell line: 0>:212 | === Fim do log de instalação ===
2026-04-14 16:33:04.363 | INFO     | _log_cabecalho_sessao:224 | =================================================================
2026-04-14 16:33:04.363 | INFO     | _log_cabecalho_sessao:225 | INÍCIO DE SESSÃO — Transcrição por IA (WhisperX)
2026-04-14 16:33:04.363 | INFO     | _log_cabecalho_sessao:226 | =================================================================
2026-04-14 16:33:04.363 | INFO     | _log_cabecalho_sessao:227 | Sessão ID  : 20260414_133304
2026-04-14 16:33:04.363 | INFO     | _log_cabecalho_sessao:228 | Horário    : 13:33:04 de 14/04/2026 (Brasília)
2026-04-14 16:33:04.363 | INFO     | _log_cabecalho_sessao:231 | Python     : 3.12.13
2026-04-14 16:33:04.363 | INFO     | _log_cabecalho_sessao:232 | PyTorch    : 2.10.0+cu128
2026-04-14 16:33:04.364 | INFO     | _log_cabecalho_sessao:234 | CUDA       : disponível
2026-04-14 16:33:04.377 | INFO     | _log_cabecalho_sessao:238 | GPU        : Tesla T4
2026-04-14 16:33:04.377 | INFO     | _log_cabecalho_sessao:239 | CUDA versão: 12.8
2026-04-14 16:33:04.377 | INFO     | _log_cabecalho_sessao:241 | VRAM total : 14.6 GB
2026-04-14 16:33:04.377 | INFO     | _log_cabecalho_sessao:245 | WhisperX   : instalado (versão não exposta)
2026-04-14 16:33:04.398 | INFO     | _log_cabecalho_sessao:254 | Driver GPU : 580.82.07
2026-04-14 16:33:04.398 | INFO     | _log_cabecalho_sessao:257 | =================================================================
2026-04-14 16:33:04.399 | INFO     | <cell line: 0>:287 | Ambiente inicializado. Pronto para o Passo 2.
2026-04-14 16:33:13.130 | INFO     | <cell line: 0>:110 | [Passo 2] Iniciado: download via Google Drive.
2026-04-14 16:33:13.130 | INFO     | insira_link:590 | Google Drive selecionado.
2026-04-14 16:33:25.553 | INFO     | insira_link:605 | Link recebido: https://drive.google.com/file/d/1xja7YhEQNA2XFK3JudJPKGcPVdvmOezc/view?usp=drive_link
2026-04-14 16:33:28.783 | INFO     | <cell line: 0>:117 | [Passo 2] Arquivo recebido via Google Drive: 'Entrevista Fabio Kobol.m4a' (27.3 MB)
2026-04-14 16:33:30.429 | INFO     | <cell line: 0>:110 | [Passo 2] Iniciado: download via YouTube / Link.
2026-04-14 16:33:30.429 | INFO     | insira_link:675 | YouTube / Link Externo selecionado.
2026-04-14 16:33:35.190 | INFO     | insira_link:703 | Baixando: MESTRE CUCA
2026-04-14 16:33:44.020 | INFO     | <cell line: 0>:117 | [Passo 2] Arquivo recebido via YouTube / Link: 'MESTRE CUCA.mp3' (6.7 MB)
2026-04-14 16:33:51.059 | INFO     | <cell line: 0>:110 | [Passo 2] Iniciado: download via Google Drive.
2026-04-14 16:33:51.059 | INFO     | insira_link:590 | Google Drive selecionado.
2026-04-14 16:33:53.780 | INFO     | <cell line: 0>:110 | [Passo 2] Iniciado: download via YouTube / Link.
2026-04-14 16:33:53.781 | INFO     | insira_link:675 | YouTube / Link Externo selecionado.
2026-04-14 16:34:07.991 | INFO     | insira_link:703 | Baixando: BAR EXCLUSIVO
2026-04-14 16:34:15.618 | INFO     | <cell line: 0>:117 | [Passo 2] Arquivo recebido via YouTube / Link: 'BAR EXCLUSIVO.mp3' (5.5 MB)
2026-04-14 16:34:15.623 | INFO     | <cell line: 0>:21 | [Passo 2] Limite de 3 arquivos atingido.
2026-04-14 16:34:21.198 | INFO     | <cell line: 0>:31 | [Passo 3] Iniciado processamento em lote. (3 arquivo(s))
2026-04-14 16:34:21.198 | INFO     | <cell line: 0>:32 | [Passo 3] Idioma Padrão: Português 🇧🇷
2026-04-14 16:34:34.073 | INFO     | <cell line: 0>:146 | [Passo 3] Dispositivo: cuda | compute_type: float16
2026-04-14 16:34:34.075 | INFO     | <cell line: 0>:161 | (1/4) Carregando modelo base...
2026-04-14 16:34:55.014 | DEBUG    | __exit__:368 | [STDOUT]
2026-04-14 16:34:53 - whisperx.asr - INFO - No language specified, language will be detected for each audio file (increases inference time)
2026-04-14 16:34:53 - whisperx.vads.silero - INFO - Performing voice activity detection using Silero...
Downloading: "https://github.com/snakers4/silero-vad/zipball/master" to /root/.cache/torch/hub/master.zip
2026-04-14 16:34:55.014 | DEBUG    | __exit__:370 | [STDERR]
/usr/local/lib/python3.12/dist-packages/huggingface_hub/utils/_auth.py:94: UserWarning: 
The secret `HF_TOKEN` does not exist in your Colab secrets.
To authenticate with the Hugging Face Hub, create a token in your settings tab (https://huggingface.co/settings/tokens), set it as secret in your Google Colab and restart your session.
You will be able to reuse this secret in all of your notebooks.
Please note that authentication is recommended but still optional to access public models or datasets.
  warnings.warn(
2026-04-14 16:35:02.660 | INFO     | <cell line: 0>:194 | Processando Transcrição 1/3: Entrevista Fabio Kobol.m4a (Duração do áudio: 48min 14s)
2026-04-14 16:35:02.662 | INFO     | <cell line: 0>:237 | Transcrevendo...
2026-04-14 16:36:36.923 | DEBUG    | __exit__:368 | [STDOUT]
Progress: 0.99%...
Progress: 1.98%...
Progress: 2.97%...
Progress: 3.96%...
Progress: 4.95%...
Progress: 5.94%...
Progress: 6.93%...
Progress: 7.92%...
Progress: 8.91%...
Progress: 9.90%...
Progress: 10.89%...
Progress: 11.88%...
Progress: 12.87%...
Progress: 13.86%...
Progress: 14.85%...
Progress: 15.84%...
Progress: 16.83%...
Progress: 17.82%...
Progress: 18.81%...
Progress: 19.80%...
Progress: 20.79%...
Progress: 21.78%...
Progress: 22.77%...
Progress: 23.76%...
Progress: 24.75%...
Progress: 25.74%...
Progress: 26.73%...
Progress: 27.72%...
Progress: 28.71%...
Progress: 29.70%...
Progress: 30.69%...
Progress: 31.68%...
Progress: 32.67%...
Progress: 33.66%...
Progress: 34.65%...
Progress: 35.64%...
Progress: 36.63%...
Progress: 37.62%...
Progress: 38.61%...
Progress: 39.60%...
Progress: 40.59%...
Progress: 41.58%...
Progress: 42.57%...
Progress: 43.56%...
Progress: 44.55%...
Progress: 45.54%...
Progress: 46.53%...
Progress: 47.52%...
Progress: 48.51%...
Progress: 49.50%...
Progress: 50.50%...
Progress: 51.49%...
Progress: 52.48%...
Progress: 53.47%...
Progress: 54.46%...
Progress: 55.45%...
Progress: 56.44%...
Progress: 57.43%...
Progress: 58.42%...
Progress: 59.41%...
Progress: 60.40%...
Progress: 61.39%...
Progress: 62.38%...
Progress: 63.37%...
Progress: 64.36%...
Progress: 65.35%...
Progress: 66.34%...
Progress: 67.33%...
Progress: 68.32%...
Progress: 69.31%...
Progress: 70.30%...
Progress: 71.29%...
Progress: 72.28%...
Progress: 73.27%...
Progress: 74.26%...
Progress: 75.25%...
Progress: 76.24%...
Progress: 77.23%...
Progress: 78.22%...
Progress: 79.21%...
Progress: 80.20%...
Progress: 81.19%...
Progress: 82.18%...
Progress: 83.17%...
Progress: 84.16%...
Progress: 85.15%...
Progress: 86.14%...
Progress: 87.13%...
Progress: 88.12%...
Progress: 89.11%...
Progress: 90.10%...
Progress: 91.09%...
Progress: 92.08%...
Progress: 93.07%...
Progress: 94.06%...
Progress: 95.05%...
Progress: 96.04%...
Progress: 97.03%...
Progress: 98.02%...
Progress: 99.01%...
Progress: 100.00%...
2026-04-14 16:36:36.923 | INFO     | <cell line: 0>:245 | Tempo de transcrição (Entrevista Fabio Kobol.m4a): 94.26s
2026-04-14 16:36:36.926 | INFO     | <cell line: 0>:263 | Alinhando timestamps...
2026-04-14 16:38:23.816 | DEBUG    | __exit__:368 | [STDOUT]
Progress: 0.99%...
Progress: 1.98%...
Progress: 2.97%...
Progress: 3.96%...
Progress: 4.95%...
Progress: 5.94%...
Progress: 6.93%...
Progress: 7.92%...
Progress: 8.91%...
Progress: 9.90%...
Progress: 10.89%...
Progress: 11.88%...
Progress: 12.87%...
Progress: 13.86%...
Progress: 14.85%...
Progress: 15.84%...
Progress: 16.83%...
Progress: 17.82%...
Progress: 18.81%...
Progress: 19.80%...
Progress: 20.79%...
Progress: 21.78%...
Progress: 22.77%...
Progress: 23.76%...
Progress: 24.75%...
Progress: 25.74%...
Progress: 26.73%...
Progress: 27.72%...
Progress: 28.71%...
Progress: 29.70%...
Progress: 30.69%...
Progress: 31.68%...
Progress: 32.67%...
Progress: 33.66%...
Progress: 34.65%...
Progress: 35.64%...
Progress: 36.63%...
Progress: 37.62%...
Progress: 38.61%...
Progress: 39.60%...
Progress: 40.59%...
Progress: 41.58%...
Progress: 42.57%...
Progress: 43.56%...
Progress: 44.55%...
Progress: 45.54%...
Progress: 46.53%...
Progress: 47.52%...
Progress: 48.51%...
Progress: 49.50%...
Progress: 50.50%...
Progress: 51.49%...
Progress: 52.48%...
Progress: 53.47%...
Progress: 54.46%...
Progress: 55.45%...
Progress: 56.44%...
Progress: 57.43%...
Progress: 58.42%...
Progress: 59.41%...
Progress: 60.40%...
Progress: 61.39%...
Progress: 62.38%...
Progress: 63.37%...
Progress: 64.36%...
Progress: 65.35%...
Progress: 66.34%...
Progress: 67.33%...
Progress: 68.32%...
Progress: 69.31%...
Progress: 70.30%...
Progress: 71.29%...
Progress: 72.28%...
Progress: 73.27%...
Progress: 74.26%...
Progress: 75.25%...
Progress: 76.24%...
Progress: 77.23%...
Progress: 78.22%...
Progress: 79.21%...
Progress: 80.20%...
Progress: 81.19%...
Progress: 82.18%...
Progress: 83.17%...
Progress: 84.16%...
Progress: 85.15%...
Progress: 86.14%...
Progress: 87.13%...
Progress: 88.12%...
Progress: 89.11%...
Progress: 90.10%...
Progress: 91.09%...
Progress: 92.08%...
Progress: 93.07%...
Progress: 94.06%...
Progress: 95.05%...
Progress: 96.04%...
Progress: 97.03%...
Progress: 98.02%...
Progress: 99.01%...
Progress: 100.00%...
2026-04-14 16:38:23.816 | INFO     | <cell line: 0>:279 | Tempo de alinhamento (Entrevista Fabio Kobol.m4a): 106.89s
2026-04-14 16:38:25.392 | INFO     | <cell line: 0>:194 | Processando Transcrição 2/3: MESTRE CUCA.mp3 (Duração do áudio: 4min 12s)
2026-04-14 16:38:25.393 | INFO     | <cell line: 0>:237 | Transcrevendo...
2026-04-14 16:38:34.704 | DEBUG    | __exit__:368 | [STDOUT]
Progress: 11.11%...
Progress: 22.22%...
Progress: 33.33%...
Progress: 44.44%...
Progress: 55.56%...
Progress: 66.67%...
Progress: 77.78%...
Progress: 88.89%...
Progress: 100.00%...
2026-04-14 16:38:34.704 | INFO     | <cell line: 0>:245 | Tempo de transcrição (MESTRE CUCA.mp3): 9.31s
2026-04-14 16:38:34.707 | INFO     | <cell line: 0>:263 | Alinhando timestamps...
2026-04-14 16:38:45.390 | DEBUG    | __exit__:368 | [STDOUT]
Progress: 11.11%...
Progress: 22.22%...
Progress: 33.33%...
Progress: 44.44%...
Progress: 55.56%...
Progress: 66.67%...
Progress: 77.78%...
Progress: 88.89%...
Progress: 100.00%...
2026-04-14 16:38:45.391 | INFO     | <cell line: 0>:279 | Tempo de alinhamento (MESTRE CUCA.mp3): 10.68s
2026-04-14 16:38:46.480 | INFO     | <cell line: 0>:194 | Processando Transcrição 3/3: BAR EXCLUSIVO.mp3 (Duração do áudio: 3min 17s)
2026-04-14 16:38:46.481 | INFO     | <cell line: 0>:237 | Transcrevendo...
2026-04-14 16:38:53.850 | DEBUG    | __exit__:368 | [STDOUT]
Progress: 12.50%...
Progress: 25.00%...
Progress: 37.50%...
Progress: 50.00%...
Progress: 62.50%...
Progress: 75.00%...
Progress: 87.50%...
Progress: 100.00%...
2026-04-14 16:38:53.851 | INFO     | <cell line: 0>:245 | Tempo de transcrição (BAR EXCLUSIVO.mp3): 7.37s
2026-04-14 16:38:53.858 | INFO     | <cell line: 0>:263 | Alinhando timestamps...
2026-04-14 16:39:03.569 | DEBUG    | __exit__:368 | [STDOUT]
Progress: 12.50%...
Progress: 25.00%...
Progress: 37.50%...
Progress: 50.00%...
Progress: 62.50%...
Progress: 75.00%...
Progress: 87.50%...
Progress: 100.00%...
2026-04-14 16:39:03.569 | INFO     | <cell line: 0>:279 | Tempo de alinhamento (BAR EXCLUSIVO.mp3): 9.71s
2026-04-14 16:39:04.336 | INFO     | <cell line: 0>:299 | (2/4) Carregando modelo Pyannote para diarização...
2026-04-14 16:39:07.511 | INFO     | <cell line: 0>:352 | Diarizando Entrevista Fabio Kobol.m4a...
2026-04-14 16:41:22.133 | DEBUG    | __exit__:370 | [STDERR]
/usr/local/lib/python3.12/dist-packages/pyannote/audio/utils/reproducibility.py:74: ReproducibilityWarning: TensorFloat-32 (TF32) has been disabled as it might lead to reproducibility issues and lower accuracy.
It can be re-enabled by calling
   >>> import torch
   >>> torch.backends.cuda.matmul.allow_tf32 = True
   >>> torch.backends.cudnn.allow_tf32 = True
See https://github.com/pyannote/pyannote-audio/issues/1370 for more details.

  warnings.warn(
/usr/local/lib/python3.12/dist-packages/pyannote/audio/models/blocks/pooling.py:104: UserWarning: std(): degrees of freedom is <= 0. Correction should be strictly less than the reduction factor (input numel divided by output numel). (Triggered internally at /pytorch/aten/src/ATen/native/ReduceOps.cpp:1857.)
  std = sequences.std(dim=-1, correction=1)
2026-04-14 16:41:22.133 | INFO     | <cell line: 0>:361 | Tempo de separação de vozes (Entrevista Fabio Kobol.m4a): 134.62s
2026-04-14 16:41:22.637 | INFO     | <cell line: 0>:352 | Diarizando MESTRE CUCA.mp3...
2026-04-14 16:41:34.007 | INFO     | <cell line: 0>:361 | Tempo de separação de vozes (MESTRE CUCA.mp3): 11.37s
2026-04-14 16:41:34.510 | INFO     | <cell line: 0>:352 | Diarizando BAR EXCLUSIVO.mp3...
2026-04-14 16:41:43.528 | INFO     | <cell line: 0>:361 | Tempo de separação de vozes (BAR EXCLUSIVO.mp3): 9.02s
2026-04-14 16:41:44.461 | INFO     | <cell line: 0>:395 | [Passo 3] Concluído para todos os 3 arquivos.
2026-04-14 17:00:17.161 | INFO     | on_speakers_confirmed:807 | [Diarização] Entrevista Fabio Kobol.m4a
2026-04-14 17:00:17.163 | INFO     | on_speakers_confirmed:809 |   SPEAKER_00 → Rafael
2026-04-14 17:00:17.163 | INFO     | on_speakers_confirmed:809 |   SPEAKER_01 → Julia
2026-04-14 17:00:17.163 | INFO     | on_speakers_confirmed:809 |   SPEAKER_02 → Gabor
2026-04-14 17:00:17.163 | INFO     | on_speakers_confirmed:809 |   SPEAKER_03 → Mate
2026-04-14 17:00:17.163 | INFO     | on_speakers_confirmed:807 | [Diarização] MESTRE CUCA.mp3
2026-04-14 17:00:17.163 | INFO     | on_speakers_confirmed:809 |   SPEAKER_00 → Mestre
2026-04-14 17:00:17.163 | INFO     | on_speakers_confirmed:809 |   SPEAKER_01 → Descapo
2026-04-14 17:00:17.163 | INFO     | on_speakers_confirmed:809 |   SPEAKER_02 → Olepó
2026-04-14 17:00:17.163 | INFO     | on_speakers_confirmed:809 |   SPEAKER_03 → Cafo
2026-04-14 17:00:17.163 | INFO     | on_speakers_confirmed:807 | [Diarização] BAR EXCLUSIVO.mp3
2026-04-14 17:00:17.163 | INFO     | on_speakers_confirmed:809 |   SPEAKER_00 → Garcom
2026-04-14 17:00:17.163 | INFO     | on_speakers_confirmed:809 |   SPEAKER_01 → Entregador
2026-04-14 17:00:17.163 | INFO     | on_speakers_confirmed:824 | Nomes de locutores atualizados em todos os arquivos no estado background.
2026-04-14 17:00:23.669 | INFO     | <cell line: 0>:89 | [Passo 4] Exportação concluída.
2026-04-14 17:00:38.463 | INFO     | <cell line: 0>:5 | FIM DE SESSÃO
2026-04-14 17:00:38.464 | INFO     | <cell line: 0>:6 | Etapas concluídas: ['1', '2a', '2b', '3.1', '3.2', '4']
